mmap is 0x7fb097fc3000
dstrd  is 0, ctrl->timeout is 30000, max qs is  1024
request_queues success
idx start is 129, dbstrd is 0, nr user q is 16
Strong-isolated mode keeps 4 hot producer threads and 12 cold producer threads, routing them through 2 hot queue pairs and 14 cold queue pairs with hot depth=16 and cold depth=16 per queue pair.
Timed run: 5 s
Queue depth: 16
Hot threads: 4 | Cold threads: 12 | Active producers: 16
Hot queues: 2 | Cold queues: 14 | Active queue pairs: 16
Mixed inflight: 16 | Strong hot inflight: 16 | Strong cold inflight: 16

--- Hot Data Latency Report ---
WARNING: completion errors detected, this latency sample is invalid for comparison.
Hot Threads: 4, Cold Threads: 12
Elapsed Time: 5.042 s
Total Hot Requests: 131040
Average Latency: 6053.59 us
P95 Tail Latency: 14810.00 us
P99 Tail Latency: 15576.00 us
Hot Throughput: 101.51 MB/s
Cold Throughput: 3189.27 MB/s
Hot Thread Errors: 1
Cold Thread Errors: 0
