mmap is 0x7f795689e000
dstrd  is 0, ctrl->timeout is 30000, max qs is  1024
request_queues success
idx start is 129, dbstrd is 0, nr user q is 16
Mixed mode runs 4 hot producer threads and 12 cold producer threads over 16 shared queue pairs; each shared queue schedules requests with a 1 hot : 3 cold preference while preserving independent hot/cold arrivals. Mixed inflight=16 per queue pair.
Budget run: hot=10000, cold=60000
Queue depth: 17
Hot threads: 4 | Cold threads: 12 | Active producers: 16
Mixed inflight: 16 | Strong hot inflight: 16 | Strong cold inflight: 8

--- Hot Data Latency Report ---
Hot Threads: 4, Cold Threads: 12
Elapsed Time: 3.021 s
Total Hot Requests: 10000
Average Latency: 134233.08 us
P95 Tail Latency: 217508.00 us
P99 Tail Latency: 223816.00 us
Hot Throughput: 12.93 MB/s
Cold Throughput: 2482.38 MB/s
Hot Thread Errors: 0
Cold Thread Errors: 0
