mmap is 0x7fd81f8cc000
dstrd  is 0, ctrl->timeout is 30000, max qs is  1024
request_queues success
idx start is 129, dbstrd is 0, nr user q is 16
Strong-isolated mode keeps 4 hot producer threads and 12 cold producer threads, dispatching them through isolated queue pairs with hot depth=32 and cold depth=24 per queue pair.
Budget run: hot=10000, cold=60000
Queue depth: 32
Hot threads: 4 | Cold threads: 12 | Active producers: 16
Mixed inflight: 16 | Strong hot inflight: 32 | Strong cold inflight: 24

--- Hot Data Latency Report ---
Hot Threads: 4, Cold Threads: 12
Elapsed Time: 2.620 s
Total Hot Requests: 10000
Average Latency: 25731.01 us
P95 Tail Latency: 36319.00 us
P99 Tail Latency: 37847.00 us
Hot Throughput: 14.91 MB/s
Cold Throughput: 2862.05 MB/s
Hot Thread Errors: 0
Cold Thread Errors: 0
