mmap is 0x7f136df9a000
dstrd  is 0, ctrl->timeout is 30000, max qs is  1024
request_queues success
idx start is 129, dbstrd is 0, nr user q is 16
Mixed mode runs 4 hot producer threads and 12 cold producer threads over 16 shared queue pairs; each shared queue schedules requests with a 1 hot : 3 cold preference while preserving independent hot/cold arrivals. Mixed inflight=128 per queue pair.
Timed run: 5 s
Queue depth: 128
Hot threads: 4 | Cold threads: 12 | Active producers: 16
Mixed inflight: 128 | Strong hot inflight: 16 | Strong cold inflight: 8

--- Hot Data Latency Report ---
Hot Threads: 4, Cold Threads: 12
Elapsed Time: 5.753 s
Total Hot Requests: 40261
Average Latency: 349727.71 us
P95 Tail Latency: 640873.00 us
P99 Tail Latency: 669046.00 us
Hot Throughput: 27.34 MB/s
Cold Throughput: 2865.92 MB/s
Hot Thread Errors: 0
Cold Thread Errors: 0
