mmap is 0x7f8430161000
dstrd  is 0, ctrl->timeout is 30000, max qs is  1024
request_queues success
idx start is 129, dbstrd is 0, nr user q is 16
Mixed mode runs 4 hot producer threads and 12 cold producer threads over 16 shared queue pairs; each shared queue schedules requests with a 1 hot : 3 cold preference while preserving independent hot/cold arrivals. Mixed inflight=16 per queue pair.
Timed run: 5 s
Queue depth: 16
Hot threads: 4 | Cold threads: 12 | Active producers: 16
Mixed inflight: 16 | Strong hot inflight: 16 | Strong cold inflight: 8

--- Hot Data Latency Report ---
Hot Threads: 4, Cold Threads: 12
Elapsed Time: 5.034 s
Total Hot Requests: 46904
Average Latency: 48929.67 us
P95 Tail Latency: 184476.00 us
P99 Tail Latency: 228062.00 us
Hot Throughput: 36.39 MB/s
Cold Throughput: 2994.40 MB/s
Hot Thread Errors: 0
Cold Thread Errors: 0
