mmap is 0x7fb292d08000
dstrd  is 0, ctrl->timeout is 30000, max qs is  1024
request_queues success
idx start is 129, dbstrd is 0, nr user q is 16
Strong-isolated mode keeps 4 hot producer threads and 12 cold producer threads, routing them through 5 hot queue pairs and 11 cold queue pairs with hot depth=32 and cold depth=32 per queue pair.
Timed run: 5 s
Queue depth: 32
Hot threads: 4 | Cold threads: 12 | Active producers: 16
Hot queues: 5 | Cold queues: 11 | Active queue pairs: 16
Mixed inflight: 16 | Strong hot inflight: 32 | Strong cold inflight: 32

--- Hot Data Latency Report ---
Hot Threads: 4, Cold Threads: 12
Elapsed Time: 5.069 s
Total Hot Requests: 139508
Average Latency: 20065.18 us
P95 Tail Latency: 39519.00 us
P99 Tail Latency: 44227.00 us
Hot Throughput: 107.51 MB/s
Cold Throughput: 1888.15 MB/s
Hot Thread Errors: 0
Cold Thread Errors: 0
