mmap is 0x7f45fd2c1000
dstrd  is 0, ctrl->timeout is 30000, max qs is  1024
request_queues success
idx start is 129, dbstrd is 0, nr user q is 16
Strong-isolated mode keeps 4 hot producer threads and 12 cold producer threads, dispatching them through isolated queue pairs with hot depth=128 and cold depth=96 per queue pair.
Timed run: 5 s
Queue depth: 128
Hot threads: 4 | Cold threads: 12 | Active producers: 16
Mixed inflight: 16 | Strong hot inflight: 128 | Strong cold inflight: 96

--- Hot Data Latency Report ---
Hot Threads: 4, Cold Threads: 12
Elapsed Time: 5.082 s
Total Hot Requests: 45596
Average Latency: 84226.99 us
P95 Tail Latency: 122288.00 us
P99 Tail Latency: 128894.00 us
Hot Throughput: 35.05 MB/s
Cold Throughput: 3336.49 MB/s
Hot Thread Errors: 0
Cold Thread Errors: 0
