mmap is 0x7fb8f4dce000
dstrd  is 0, ctrl->timeout is 30000, max qs is  1024
request_queues success
idx start is 129, dbstrd is 0, nr user q is 16
Strong-isolated mode keeps 4 hot producer threads and 12 cold producer threads, dispatching them through isolated queue pairs with hot depth=128 and cold depth=64 per queue pair.
Budget run: hot=10000, cold=60000
Queue depth: 128
Hot threads: 4 | Cold threads: 12 | Active producers: 16
Mixed inflight: 16 | Strong hot inflight: 128 | Strong cold inflight: 64

--- Hot Data Latency Report ---
Hot Threads: 4, Cold Threads: 12
Elapsed Time: 3.166 s
Total Hot Requests: 10000
Average Latency: 104758.43 us
P95 Tail Latency: 182458.00 us
P99 Tail Latency: 190015.00 us
Hot Throughput: 12.34 MB/s
Cold Throughput: 2368.89 MB/s
Hot Thread Errors: 0
Cold Thread Errors: 0
