mmap is 0x7f2fa7e70000
dstrd  is 0, ctrl->timeout is 30000, max qs is  1024
request_queues success
idx start is 129, dbstrd is 0, nr user q is 16
Strong-isolated mode keeps 4 hot producer threads and 12 cold producer threads, dispatching them through isolated queue pairs with hot depth=32 and cold depth=16 per queue pair.
Timed run: 5 s
Queue depth: 32
Hot threads: 4 | Cold threads: 12 | Active producers: 16
Mixed inflight: 16 | Strong hot inflight: 32 | Strong cold inflight: 16

--- Hot Data Latency Report ---
Hot Threads: 4, Cold Threads: 12
Elapsed Time: 5.043 s
Total Hot Requests: 166508
Average Latency: 10918.61 us
P95 Tail Latency: 24472.00 us
P99 Tail Latency: 27775.00 us
Hot Throughput: 128.98 MB/s
Cold Throughput: 3024.69 MB/s
Hot Thread Errors: 0
Cold Thread Errors: 0
