mmap is 0x7f9bee2b9000
dstrd  is 0, ctrl->timeout is 30000, max qs is  1024
request_queues success
idx start is 129, dbstrd is 0, nr user q is 16
Strong-isolated mode keeps 4 hot producer threads and 12 cold producer threads, routing them through 2 hot queue pairs and 14 cold queue pairs with hot depth=64 and cold depth=64 per queue pair.
Timed run: 5 s
Queue depth: 64
Hot threads: 4 | Cold threads: 12 | Active producers: 16
Hot queues: 2 | Cold queues: 14 | Active queue pairs: 16
Mixed inflight: 16 | Strong hot inflight: 64 | Strong cold inflight: 64

--- Hot Data Latency Report ---
Hot Threads: 4, Cold Threads: 12
Elapsed Time: 5.109 s
Total Hot Requests: 18434
Average Latency: 71212.26 us
P95 Tail Latency: 119374.00 us
P99 Tail Latency: 125196.00 us
Hot Throughput: 14.09 MB/s
Cold Throughput: 3127.17 MB/s
Hot Thread Errors: 0
Cold Thread Errors: 0
