mmap is 0x7fc14af29000
dstrd  is 0, ctrl->timeout is 30000, max qs is  1024
request_queues success
idx start is 129, dbstrd is 0, nr user q is 16
Strong-isolated mode keeps 4 hot producer threads and 12 cold producer threads, routing them through 1 hot queue pairs and 15 cold queue pairs with hot depth=16 and cold depth=16 per queue pair.
Timed run: 5 s
Queue depth: 16
Hot threads: 4 | Cold threads: 12 | Active producers: 16
Hot queues: 1 | Cold queues: 15 | Active queue pairs: 16
Mixed inflight: 16 | Strong hot inflight: 16 | Strong cold inflight: 16

--- Hot Data Latency Report ---
WARNING: completion errors detected, this latency sample is invalid for comparison.
Hot Threads: 4, Cold Threads: 12
Elapsed Time: 5.062 s
Total Hot Requests: 65520
Average Latency: 5396.94 us
P95 Tail Latency: 7559.00 us
P99 Tail Latency: 9572.00 us
Hot Throughput: 50.56 MB/s
Cold Throughput: 3153.93 MB/s
Hot Thread Errors: 1
Cold Thread Errors: 0
