mmap is 0x7fa6a5963000
dstrd  is 0, ctrl->timeout is 30000, max qs is  1024
request_queues success
idx start is 129, dbstrd is 0, nr user q is 16
Strong-isolated mode keeps 4 hot producer threads and 12 cold producer threads, dispatching them through isolated queue pairs with hot depth=64 and cold depth=32 per queue pair.
Budget run: hot=10000, cold=60000
Queue depth: 65
Hot threads: 4 | Cold threads: 12 | Active producers: 16
Mixed inflight: 16 | Strong hot inflight: 64 | Strong cold inflight: 32

--- Hot Data Latency Report ---
Hot Threads: 4, Cold Threads: 12
Elapsed Time: 2.754 s
Total Hot Requests: 10000
Average Latency: 20276.39 us
P95 Tail Latency: 33551.00 us
P99 Tail Latency: 54373.00 us
Hot Throughput: 14.18 MB/s
Cold Throughput: 2722.59 MB/s
Hot Thread Errors: 0
Cold Thread Errors: 0
