mmap is 0x7effe11da000
dstrd  is 0, ctrl->timeout is 30000, max qs is  1024
request_queues success
idx start is 129, dbstrd is 0, nr user q is 16
Strong-isolated mode keeps 4 hot producer threads and 12 cold producer threads, dispatching them through isolated queue pairs with hot depth=16 and cold depth=16 per queue pair.
Budget run: hot=10000, cold=60000
Queue depth: 16
Hot threads: 4 | Cold threads: 12 | Active producers: 16
Mixed inflight: 16 | Strong hot inflight: 16 | Strong cold inflight: 16

--- Hot Data Latency Report ---
Hot Threads: 4, Cold Threads: 12
Elapsed Time: 2.432 s
Total Hot Requests: 10000
Average Latency: 9927.97 us
P95 Tail Latency: 16575.00 us
P99 Tail Latency: 18338.00 us
Hot Throughput: 16.06 MB/s
Cold Throughput: 3083.55 MB/s
Hot Thread Errors: 0
Cold Thread Errors: 0
