mmap is 0x7ff38a002000
dstrd  is 0, ctrl->timeout is 30000, max qs is  1024
request_queues success
idx start is 129, dbstrd is 0, nr user q is 16
Strong-isolated mode keeps 4 hot producer threads and 12 cold producer threads, routing them through 2 hot queue pairs and 14 cold queue pairs with hot depth=32 and cold depth=32 per queue pair.
Timed run: 5 s
Queue depth: 32
Hot threads: 4 | Cold threads: 12 | Active producers: 16
Hot queues: 2 | Cold queues: 14 | Active queue pairs: 16
Mixed inflight: 16 | Strong hot inflight: 32 | Strong cold inflight: 32

--- Hot Data Latency Report ---
Hot Threads: 4, Cold Threads: 12
Elapsed Time: 5.079 s
Total Hot Requests: 101662
Average Latency: 15097.39 us
P95 Tail Latency: 17135.00 us
P99 Tail Latency: 17744.00 us
Hot Throughput: 78.19 MB/s
Cold Throughput: 3027.94 MB/s
Hot Thread Errors: 0
Cold Thread Errors: 0
