mmap is 0x7f35024c2000
dstrd  is 0, ctrl->timeout is 30000, max qs is  1024
request_queues success
idx start is 129, dbstrd is 0, nr user q is 16
Strong-isolated mode keeps 4 hot producer threads and 12 cold producer threads, routing them through 3 hot queue pairs and 13 cold queue pairs with hot depth=16 and cold depth=16 per queue pair.
Timed run: 5 s
Queue depth: 16
Hot threads: 4 | Cold threads: 12 | Active producers: 16
Hot queues: 3 | Cold queues: 13 | Active queue pairs: 16
Mixed inflight: 16 | Strong hot inflight: 16 | Strong cold inflight: 16

--- Hot Data Latency Report ---
Hot Threads: 4, Cold Threads: 12
Elapsed Time: 5.037 s
Total Hot Requests: 127249
Average Latency: 10808.51 us
P95 Tail Latency: 22181.00 us
P99 Tail Latency: 23497.00 us
Hot Throughput: 98.68 MB/s
Cold Throughput: 3121.68 MB/s
Hot Thread Errors: 0
Cold Thread Errors: 0
