mmap is 0x7fe894bdf000
dstrd  is 0, ctrl->timeout is 30000, max qs is  1024
request_queues success
idx start is 129, dbstrd is 0, nr user q is 16
Strong-isolated mode keeps 4 hot producer threads and 12 cold producer threads, routing them through 6 hot queue pairs and 10 cold queue pairs with hot depth=128 and cold depth=128 per queue pair.
Timed run: 5 s
Queue depth: 128
Hot threads: 4 | Cold threads: 12 | Active producers: 16
Hot queues: 6 | Cold queues: 10 | Active queue pairs: 16
Mixed inflight: 16 | Strong hot inflight: 128 | Strong cold inflight: 128

--- Hot Data Latency Report ---
Hot Threads: 4, Cold Threads: 12
Elapsed Time: 5.112 s
Total Hot Requests: 63690
Average Latency: 83929.20 us
P95 Tail Latency: 132497.00 us
P99 Tail Latency: 138469.00 us
Hot Throughput: 48.67 MB/s
Cold Throughput: 2579.90 MB/s
Hot Thread Errors: 0
Cold Thread Errors: 0
