mmap is 0x7f559b2c5000
dstrd  is 0, ctrl->timeout is 30000, max qs is  1024
request_queues success
idx start is 129, dbstrd is 0, nr user q is 16
Strong-isolated mode keeps 4 hot producer threads and 12 cold producer threads, dispatching them through isolated queue pairs with hot depth=128 and cold depth=96 per queue pair.
Timed run: 5 s
Queue depth: 128
Hot threads: 4 | Cold threads: 12 | Active producers: 16
Mixed inflight: 16 | Strong hot inflight: 128 | Strong cold inflight: 96

--- Hot Data Latency Report ---
Hot Threads: 4, Cold Threads: 12
Elapsed Time: 5.101 s
Total Hot Requests: 43996
Average Latency: 91856.71 us
P95 Tail Latency: 131248.00 us
P99 Tail Latency: 147964.00 us
Hot Throughput: 33.69 MB/s
Cold Throughput: 3199.31 MB/s
Hot Thread Errors: 0
Cold Thread Errors: 0
