mmap is 0x7f93214fa000
dstrd  is 0, ctrl->timeout is 30000, max qs is  1024
request_queues success
idx start is 129, dbstrd is 0, nr user q is 16
Strong-isolated mode keeps 4 hot producer threads and 12 cold producer threads, dispatching them through isolated queue pairs with hot depth=32 and cold depth=16 per queue pair.
Budget run: hot=10000, cold=60000
Queue depth: 33
Hot threads: 4 | Cold threads: 12 | Active producers: 16
Mixed inflight: 16 | Strong hot inflight: 32 | Strong cold inflight: 16

--- Hot Data Latency Report ---
Hot Threads: 4, Cold Threads: 12
Elapsed Time: 3.113 s
Total Hot Requests: 10000
Average Latency: 14573.08 us
P95 Tail Latency: 23884.00 us
P99 Tail Latency: 30952.00 us
Hot Throughput: 12.55 MB/s
Cold Throughput: 2408.89 MB/s
Hot Thread Errors: 0
Cold Thread Errors: 0
