mmap is 0x7f2b9794c000
dstrd  is 0, ctrl->timeout is 30000, max qs is  1024
request_queues success
idx start is 129, dbstrd is 0, nr user q is 16
Strong-isolated mode keeps 4 hot producer threads and 12 cold producer threads, dispatching them through isolated queue pairs with hot depth=32 and cold depth=16 per queue pair.
Timed run: 5 s
Queue depth: 32
Hot threads: 4 | Cold threads: 12 | Active producers: 16
Mixed inflight: 16 | Strong hot inflight: 32 | Strong cold inflight: 16

--- Hot Data Latency Report ---
Hot Threads: 4, Cold Threads: 12
Elapsed Time: 5.046 s
Total Hot Requests: 91772
Average Latency: 27618.69 us
P95 Tail Latency: 37982.00 us
P99 Tail Latency: 40255.00 us
Hot Throughput: 71.04 MB/s
Cold Throughput: 2803.43 MB/s
Hot Thread Errors: 0
Cold Thread Errors: 0
