mmap is 0x7f5edc524000
dstrd  is 0, ctrl->timeout is 30000, max qs is  1024
request_queues success
idx start is 129, dbstrd is 0, nr user q is 16
Strong-isolated mode keeps 4 hot producer threads and 12 cold producer threads, routing them through 4 hot queue pairs and 12 cold queue pairs with hot depth=64 and cold depth=64 per queue pair.
Timed run: 5 s
Queue depth: 64
Hot threads: 4 | Cold threads: 12 | Active producers: 16
Hot queues: 4 | Cold queues: 12 | Active queue pairs: 16
Mixed inflight: 16 | Strong hot inflight: 64 | Strong cold inflight: 64

--- Hot Data Latency Report ---
Hot Threads: 4, Cold Threads: 12
Elapsed Time: 5.080 s
Total Hot Requests: 39832
Average Latency: 80328.68 us
P95 Tail Latency: 105391.00 us
P99 Tail Latency: 112757.00 us
Hot Throughput: 30.63 MB/s
Cold Throughput: 2910.80 MB/s
Hot Thread Errors: 0
Cold Thread Errors: 0
