mmap is 0x7f2221332000
dstrd  is 0, ctrl->timeout is 30000, max qs is  1024
request_queues success
idx start is 129, dbstrd is 0, nr user q is 16
Mixed mode runs 4 hot producer threads and 12 cold producer threads over 16 shared queue pairs; each shared queue schedules requests with a 1 hot : 3 cold preference while preserving independent hot/cold arrivals. Mixed inflight=16 per queue pair.
Timed run: 5 s
Queue depth: 16
Hot threads: 4 | Cold threads: 12 | Active producers: 16
Mixed inflight: 16 | Strong hot inflight: 16 | Strong cold inflight: 8

--- Hot Data Latency Report ---
Hot Threads: 4, Cold Threads: 12
Elapsed Time: 5.036 s
Total Hot Requests: 53476
Average Latency: 48559.06 us
P95 Tail Latency: 178214.00 us
P99 Tail Latency: 211476.00 us
Hot Throughput: 41.48 MB/s
Cold Throughput: 3364.17 MB/s
Hot Thread Errors: 0
Cold Thread Errors: 0
