mmap is 0x7f58e7cf5000
dstrd  is 0, ctrl->timeout is 30000, max qs is  1024
request_queues success
idx start is 129, dbstrd is 0, nr user q is 16
Mixed mode runs 4 hot producer threads and 12 cold producer threads over 16 shared queue pairs; each shared queue schedules requests with a 1 hot : 3 cold preference while preserving independent hot/cold arrivals. Mixed inflight=64 per queue pair.
Timed run: 5 s
Queue depth: 64
Hot threads: 4 | Cold threads: 12 | Active producers: 16
Mixed inflight: 64 | Strong hot inflight: 16 | Strong cold inflight: 8

--- Hot Data Latency Report ---
Hot Threads: 4, Cold Threads: 12
Elapsed Time: 5.218 s
Total Hot Requests: 49642
Average Latency: 555890.69 us
P95 Tail Latency: 834853.00 us
P99 Tail Latency: 887532.00 us
Hot Throughput: 37.16 MB/s
Cold Throughput: 2978.42 MB/s
Hot Thread Errors: 0
Cold Thread Errors: 0
