mmap is 0x7effa44a7000
dstrd  is 0, ctrl->timeout is 30000, max qs is  1024
request_queues success
idx start is 129, dbstrd is 0, nr user q is 16
Strong-isolated mode keeps 4 hot producer threads and 12 cold producer threads, routing them through 5 hot queue pairs and 11 cold queue pairs with hot depth=16 and cold depth=16 per queue pair.
Timed run: 5 s
Queue depth: 16
Hot threads: 4 | Cold threads: 12 | Active producers: 16
Hot queues: 5 | Cold queues: 11 | Active queue pairs: 16
Mixed inflight: 16 | Strong hot inflight: 16 | Strong cold inflight: 16

--- Hot Data Latency Report ---
Hot Threads: 4, Cold Threads: 12
Elapsed Time: 5.057 s
Total Hot Requests: 112659
Average Latency: 24221.85 us
P95 Tail Latency: 35099.00 us
P99 Tail Latency: 37259.00 us
Hot Throughput: 87.02 MB/s
Cold Throughput: 2919.96 MB/s
Hot Thread Errors: 0
Cold Thread Errors: 0
