mmap is 0x7fa3dedad000
dstrd  is 0, ctrl->timeout is 30000, max qs is  1024
request_queues success
idx start is 129, dbstrd is 0, nr user q is 16
Strong-isolated mode keeps 4 hot producer threads and 12 cold producer threads, routing them through 7 hot queue pairs and 9 cold queue pairs with hot depth=128 and cold depth=128 per queue pair.
Timed run: 5 s
Queue depth: 128
Hot threads: 4 | Cold threads: 12 | Active producers: 16
Hot queues: 7 | Cold queues: 9 | Active queue pairs: 16
Mixed inflight: 16 | Strong hot inflight: 128 | Strong cold inflight: 128

--- Hot Data Latency Report ---
Hot Threads: 4, Cold Threads: 12
Elapsed Time: 5.081 s
Total Hot Requests: 100945
Average Latency: 65247.05 us
P95 Tail Latency: 93413.00 us
P99 Tail Latency: 103945.00 us
Hot Throughput: 77.61 MB/s
Cold Throughput: 3180.74 MB/s
Hot Thread Errors: 0
Cold Thread Errors: 0
