mmap is 0x7fb84f617000
dstrd  is 0, ctrl->timeout is 30000, max qs is  1024
request_queues success
idx start is 129, dbstrd is 0, nr user q is 16
Mixed mode runs 4 hot producer threads and 12 cold producer threads over 16 shared queue pairs; each shared queue schedules requests with a 1 hot : 3 cold preference while preserving independent hot/cold arrivals. Mixed inflight=16 per queue pair.
Timed run: 5 s
Queue depth: 16
Hot threads: 4 | Cold threads: 12 | Active producers: 16
Mixed inflight: 16 | Strong hot inflight: 16 | Strong cold inflight: 8

--- Hot Data Latency Report ---
Hot Threads: 4, Cold Threads: 12
Elapsed Time: 5.081 s
Total Hot Requests: 35088
Average Latency: 31307.60 us
P95 Tail Latency: 139977.00 us
P99 Tail Latency: 181417.00 us
Hot Throughput: 26.97 MB/s
Cold Throughput: 3032.71 MB/s
Hot Thread Errors: 0
Cold Thread Errors: 0
