mmap is 0x7ff3b606b000
dstrd  is 0, ctrl->timeout is 30000, max qs is  1024
request_queues success
idx start is 129, dbstrd is 0, nr user q is 16
Strong-isolated mode keeps 4 hot producer threads and 12 cold producer threads, routing them through 7 hot queue pairs and 9 cold queue pairs with hot depth=16 and cold depth=16 per queue pair.
Timed run: 5 s
Queue depth: 16
Hot threads: 4 | Cold threads: 12 | Active producers: 16
Hot queues: 7 | Cold queues: 9 | Active queue pairs: 16
Mixed inflight: 16 | Strong hot inflight: 16 | Strong cold inflight: 16

--- Hot Data Latency Report ---
Hot Threads: 4, Cold Threads: 12
Elapsed Time: 5.033 s
Total Hot Requests: 173654
Average Latency: 13620.67 us
P95 Tail Latency: 31782.00 us
P99 Tail Latency: 36911.00 us
Hot Throughput: 134.79 MB/s
Cold Throughput: 3257.23 MB/s
Hot Thread Errors: 0
Cold Thread Errors: 0
