mmap is 0x7f0c3f9f9000
dstrd  is 0, ctrl->timeout is 30000, max qs is  1024
request_queues success
idx start is 129, dbstrd is 0, nr user q is 16
Strong-isolated mode keeps 4 hot producer threads and 12 cold producer threads, dispatching them through isolated queue pairs with hot depth=64 and cold depth=48 per queue pair.
Budget run: hot=10000, cold=60000
Queue depth: 65
Hot threads: 4 | Cold threads: 12 | Active producers: 16
Mixed inflight: 16 | Strong hot inflight: 64 | Strong cold inflight: 48

--- Hot Data Latency Report ---
Hot Threads: 4, Cold Threads: 12
Elapsed Time: 2.348 s
Total Hot Requests: 10000
Average Latency: 40167.48 us
P95 Tail Latency: 48604.00 us
P99 Tail Latency: 52603.00 us
Hot Throughput: 16.64 MB/s
Cold Throughput: 3193.89 MB/s
Hot Thread Errors: 0
Cold Thread Errors: 0
