mmap is 0x7fb235d0b000
dstrd  is 0, ctrl->timeout is 30000, max qs is  1024
request_queues success
idx start is 129, dbstrd is 0, nr user q is 16
Strong-isolated mode keeps 4 hot producer threads and 12 cold producer threads, routing them through 2 hot queue pairs and 14 cold queue pairs with hot depth=128 and cold depth=128 per queue pair.
Timed run: 5 s
Queue depth: 128
Hot threads: 4 | Cold threads: 12 | Active producers: 16
Hot queues: 2 | Cold queues: 14 | Active queue pairs: 16
Mixed inflight: 16 | Strong hot inflight: 128 | Strong cold inflight: 128

--- Hot Data Latency Report ---
Hot Threads: 4, Cold Threads: 12
Elapsed Time: 5.138 s
Total Hot Requests: 15336
Average Latency: 127389.83 us
P95 Tail Latency: 189281.00 us
P99 Tail Latency: 196343.00 us
Hot Throughput: 11.66 MB/s
Cold Throughput: 2592.82 MB/s
Hot Thread Errors: 0
Cold Thread Errors: 0
