mmap is 0x7f1a5fc60000
dstrd  is 0, ctrl->timeout is 30000, max qs is  1024
request_queues success
idx start is 129, dbstrd is 0, nr user q is 16
Strong-isolated mode keeps 4 hot producer threads and 12 cold producer threads, dispatching them through isolated queue pairs with hot depth=128 and cold depth=128 per queue pair.
Budget run: hot=10000, cold=60000
Queue depth: 128
Hot threads: 4 | Cold threads: 12 | Active producers: 16
Mixed inflight: 16 | Strong hot inflight: 128 | Strong cold inflight: 128

--- Hot Data Latency Report ---
Hot Threads: 4, Cold Threads: 12
Elapsed Time: 2.403 s
Total Hot Requests: 10000
Average Latency: 93235.15 us
P95 Tail Latency: 126065.00 us
P99 Tail Latency: 130733.00 us
Hot Throughput: 16.25 MB/s
Cold Throughput: 3120.71 MB/s
Hot Thread Errors: 0
Cold Thread Errors: 0
